2025-04-17 19:09:40,748  INFO [main] nopCommerceSDET:61 - ************* Launching Browser *****************
2025-04-17 19:09:40,817  INFO [main] nopCommerceSDET:109 - ************* Launching Demoblaze *****************
2025-04-17 19:09:43,055  INFO [main] nopCommerceSDET:115 - ************* entering username and password *****************
2025-04-17 19:09:44,171  INFO [main] nopCommerceSDET:84 - ************* verifying the login page *****************
2025-04-17 19:09:44,233  INFO [main] nopCommerceSDET:96 - *************logging out *****************
2025-04-17 19:09:44,414  INFO [main] nopCommerceSDET:103 - ************* quitting browser *****************
2025-04-17 19:09:45,817  INFO [main] nopCommerceSDET:103 - ************* quitting browser *****************
2025-04-17 20:00:38,011  INFO [main] nopCommerceSDET:67 - ************* Launching Browser *****************
2025-04-17 20:00:38,124  INFO [main] nopCommerceSDET:115 - ************* Launching Demoblaze *****************
2025-04-17 20:00:44,359  INFO [main] nopCommerceSDET:90 - ************* verifying the login page *****************
2025-04-17 20:00:44,442  INFO [main] nopCommerceSDET:102 - *************logging out *****************
2025-04-17 20:00:44,851  INFO [main] nopCommerceSDET:109 - ************* quitting browser *****************
2025-04-17 20:00:46,686  INFO [main] nopCommerceSDET:109 - ************* quitting browser *****************
2025-04-17 20:00:52,897  INFO [main] nopCommerceSDET:67 - ************* Launching Browser *****************
2025-04-17 20:00:52,922  INFO [main] nopCommerceSDET:115 - ************* Launching Demoblaze *****************
2025-04-17 20:00:56,189  INFO [main] nopCommerceSDET:90 - ************* verifying the login page *****************
2025-04-17 20:00:56,244  INFO [main] nopCommerceSDET:102 - *************logging out *****************
2025-04-17 20:00:56,456  INFO [main] nopCommerceSDET:109 - ************* quitting browser *****************
2025-04-17 20:00:58,058  INFO [main] nopCommerceSDET:109 - ************* quitting browser *****************
2025-04-18 18:08:24,929  INFO [main] nopCommerceSDET:109 - ************* quitting browser *****************
2025-04-18 18:10:04,941  INFO [main] nopCommerceSDET:109 - ************* quitting browser *****************
2025-04-18 18:47:36,923  INFO [main] nopCommerceSDET:109 - ************* quitting browser *****************
2025-04-18 18:58:27,706  INFO [main] nopCommerceSDET:109 - ************* quitting browser *****************
2025-04-18 18:59:41,993  INFO [main] nopCommerceSDET:109 - ************* quitting browser *****************
2025-04-18 19:07:50,909  INFO [main] nopCommerceSDET:109 - ************* quitting browser *****************
2025-04-18 19:09:41,648  INFO [main] nopCommerceSDET:109 - ************* quitting browser *****************
2025-04-18 19:26:36,574  INFO [main] nopCommerceSDET:109 - ************* quitting browser *****************
2025-04-18 22:06:43,698  INFO [main] nopCommerceSDET:109 - ************* quitting browser *****************
2025-04-18 22:11:50,430  INFO [main] nopCommerceSDET:109 - ************* quitting browser *****************
2025-04-18 22:23:44,219  INFO [main] nopCommerceSDET:109 - ************* quitting browser *****************
2025-04-18 22:36:57,847  INFO [main] nopCommerceSDET:109 - ************* quitting browser *****************
2025-04-21 21:44:51,141  INFO [main] nopCommerceSDET:109 - ************* quitting browser *****************
2025-04-21 21:45:33,987  INFO [main] nopCommerceSDET:109 - ************* quitting browser *****************
2025-04-21 21:48:25,646  INFO [main] nopCommerceSDET:109 - ************* quitting browser *****************
2025-04-21 21:48:38,876  INFO [main] nopCommerceSDET:109 - ************* quitting browser *****************
2025-04-21 22:34:57,586  INFO [main] nopCommerceSDET:109 - ************* quitting browser *****************
2025-04-21 22:37:23,509  INFO [main] nopCommerceSDET:109 - ************* quitting browser *****************
2025-04-21 22:40:14,882  INFO [main] nopCommerceSDET:109 - ************* quitting browser *****************
2025-04-21 22:41:48,396  INFO [main] nopCommerceSDET:109 - ************* quitting browser *****************
2025-04-21 22:44:09,158  INFO [main] nopCommerceSDET:109 - ************* quitting browser *****************
2025-04-21 22:47:29,360  INFO [main] nopCommerceSDET:109 - ************* quitting browser *****************
2025-04-21 22:52:14,717  INFO [main] nopCommerceSDET:109 - ************* quitting browser *****************
2025-04-21 22:52:29,896  INFO [main] nopCommerceSDET:109 - ************* quitting browser *****************
2025-04-21 22:55:37,707  INFO [main] nopCommerceSDET:109 - ************* quitting browser *****************
2025-04-22 19:21:19,800  INFO [main] nopCommerceSDET:109 - ************* quitting browser *****************
2025-04-22 19:24:46,252  INFO [main] nopCommerceSDET:109 - ************* quitting browser *****************
2025-04-22 19:29:49,717  INFO [main] nopCommerceSDET:109 - ************* quitting browser *****************
2025-04-22 19:37:29,297  INFO [main] nopCommerceSDET:109 - ************* quitting browser *****************
2025-04-22 19:44:30,797  INFO [main] nopCommerceSDET:109 - ************* quitting browser *****************
2025-04-24 19:29:04,025  INFO [main] nopCommerceSDET:109 - ************* quitting browser *****************
2025-04-24 19:43:58,441  INFO [main] nopCommerceSDET:109 - ************* quitting browser *****************
2025-04-24 19:48:11,076  INFO [main] nopCommerceSDET:109 - ************* quitting browser *****************
2025-04-26 16:24:50,485  INFO [main] nopCommerceSDET:109 - ************* quitting browser *****************
2025-04-26 17:18:11,522  INFO [main] nopCommerceSDET:109 - ************* quitting browser *****************
